MPLINK 5.09, LINKER
Linker Map File - Created Fri Oct 07 11:29:58 2022

                                 Section Info
                  Section       Type    Address   Location Size(Bytes)
                ---------  ---------  ---------  ---------  ---------
                 RES_VECT       code   0x000000    program   0x000004
                   .cinit    romdata   0x000004    program   0x000002
                MAIN_PROG       code   0x000006    program   0x000088
.config_300001_BUILD/DEFAULT/PRODUCTION/MAIN.O    romdata   0x300001    program   0x000001
.config_300003_BUILD/DEFAULT/PRODUCTION/MAIN.O    romdata   0x300003    program   0x000001
.config_300006_BUILD/DEFAULT/PRODUCTION/MAIN.O    romdata   0x300006    program   0x000001
                VARIAVEIS      udata   0x000000       data   0x000003



                              Program Memory Usage 
                               Start         End      
                           ---------   ---------      
                            0x000000    0x00008d      
                            0x300001    0x300001      
                            0x300003    0x300003      
                            0x300006    0x300006      
            145 out of 33048 program addresses used, program memory utilization is 0%



                              Symbols - Sorted by Name
                     Name    Address   Location    Storage File                     
                ---------  ---------  ---------  --------- ---------                
               ATRASO_2ms   0x00005e    program     static C:\Users\joaov\OneDrive\햞ea de Trabalho\microsprocessadores\pratica_01.X\main.asm
             ATRASO_500ms   0x00007e    program     static C:\Users\joaov\OneDrive\햞ea de Trabalho\microsprocessadores\pratica_01.X\main.asm
                DECREMENT   0x00004c    program     static C:\Users\joaov\OneDrive\햞ea de Trabalho\microsprocessadores\pratica_01.X\main.asm
                INCREMENT   0x00003a    program     static C:\Users\joaov\OneDrive\햞ea de Trabalho\microsprocessadores\pratica_01.X\main.asm
                     LOOP   0x000010    program     static C:\Users\joaov\OneDrive\햞ea de Trabalho\microsprocessadores\pratica_01.X\main.asm
                   LOOP_A   0x000016    program     static C:\Users\joaov\OneDrive\햞ea de Trabalho\microsprocessadores\pratica_01.X\main.asm
                   LOOP_B   0x00001c    program     static C:\Users\joaov\OneDrive\햞ea de Trabalho\microsprocessadores\pratica_01.X\main.asm
                   LOOP_C   0x000022    program     static C:\Users\joaov\OneDrive\햞ea de Trabalho\microsprocessadores\pratica_01.X\main.asm
                   LOOP_D   0x000026    program     static C:\Users\joaov\OneDrive\햞ea de Trabalho\microsprocessadores\pratica_01.X\main.asm
                   LOOP_E   0x00002e    program     static C:\Users\joaov\OneDrive\햞ea de Trabalho\microsprocessadores\pratica_01.X\main.asm
                   LOOP_F   0x000036    program     static C:\Users\joaov\OneDrive\햞ea de Trabalho\microsprocessadores\pratica_01.X\main.asm
                  REPETE2   0x000062    program     static C:\Users\joaov\OneDrive\햞ea de Trabalho\microsprocessadores\pratica_01.X\main.asm
               REPETE_500   0x000082    program     static C:\Users\joaov\OneDrive\햞ea de Trabalho\microsprocessadores\pratica_01.X\main.asm
                    START   0x000006    program     static C:\Users\joaov\OneDrive\햞ea de Trabalho\microsprocessadores\pratica_01.X\main.asm
                     CONT   0x000000       data     static C:\Users\joaov\OneDrive\햞ea de Trabalho\microsprocessadores\pratica_01.X\main.asm
                  CONTA2m   0x000001       data     static C:\Users\joaov\OneDrive\햞ea de Trabalho\microsprocessadores\pratica_01.X\main.asm
                CONTA500m   0x000002       data     static C:\Users\joaov\OneDrive\햞ea de Trabalho\microsprocessadores\pratica_01.X\main.asm



                              Symbols - Sorted by Address
                     Name    Address   Location    Storage File                     
                ---------  ---------  ---------  --------- ---------                
                    START   0x000006    program     static C:\Users\joaov\OneDrive\햞ea de Trabalho\microsprocessadores\pratica_01.X\main.asm
                     LOOP   0x000010    program     static C:\Users\joaov\OneDrive\햞ea de Trabalho\microsprocessadores\pratica_01.X\main.asm
                   LOOP_A   0x000016    program     static C:\Users\joaov\OneDrive\햞ea de Trabalho\microsprocessadores\pratica_01.X\main.asm
                   LOOP_B   0x00001c    program     static C:\Users\joaov\OneDrive\햞ea de Trabalho\microsprocessadores\pratica_01.X\main.asm
                   LOOP_C   0x000022    program     static C:\Users\joaov\OneDrive\햞ea de Trabalho\microsprocessadores\pratica_01.X\main.asm
                   LOOP_D   0x000026    program     static C:\Users\joaov\OneDrive\햞ea de Trabalho\microsprocessadores\pratica_01.X\main.asm
                   LOOP_E   0x00002e    program     static C:\Users\joaov\OneDrive\햞ea de Trabalho\microsprocessadores\pratica_01.X\main.asm
                   LOOP_F   0x000036    program     static C:\Users\joaov\OneDrive\햞ea de Trabalho\microsprocessadores\pratica_01.X\main.asm
                INCREMENT   0x00003a    program     static C:\Users\joaov\OneDrive\햞ea de Trabalho\microsprocessadores\pratica_01.X\main.asm
                DECREMENT   0x00004c    program     static C:\Users\joaov\OneDrive\햞ea de Trabalho\microsprocessadores\pratica_01.X\main.asm
               ATRASO_2ms   0x00005e    program     static C:\Users\joaov\OneDrive\햞ea de Trabalho\microsprocessadores\pratica_01.X\main.asm
                  REPETE2   0x000062    program     static C:\Users\joaov\OneDrive\햞ea de Trabalho\microsprocessadores\pratica_01.X\main.asm
             ATRASO_500ms   0x00007e    program     static C:\Users\joaov\OneDrive\햞ea de Trabalho\microsprocessadores\pratica_01.X\main.asm
               REPETE_500   0x000082    program     static C:\Users\joaov\OneDrive\햞ea de Trabalho\microsprocessadores\pratica_01.X\main.asm
                     CONT   0x000000       data     static C:\Users\joaov\OneDrive\햞ea de Trabalho\microsprocessadores\pratica_01.X\main.asm
                  CONTA2m   0x000001       data     static C:\Users\joaov\OneDrive\햞ea de Trabalho\microsprocessadores\pratica_01.X\main.asm
                CONTA500m   0x000002       data     static C:\Users\joaov\OneDrive\햞ea de Trabalho\microsprocessadores\pratica_01.X\main.asm


